current directory: /Users/corey/Desktop/repos/coreyyangsmith.github.io/vendor/bundle/ruby/3.4.0/gems/prism-1.9.0/ext/prism
/opt/homebrew/opt/ruby/bin/ruby extconf.rb
checking for prism.h in /Users/corey/Desktop/repos/coreyyangsmith.github.io/vendor/bundle/ruby/3.4.0/gems/prism-1.9.0/include... yes
checking for prism/extension.h in /Users/corey/Desktop/repos/coreyyangsmith.github.io/vendor/bundle/ruby/3.4.0/gems/prism-1.9.0/ext... yes
checking for whether -fvisibility=hidden is accepted as CFLAGS... yes
creating Makefile

current directory: /Users/corey/Desktop/repos/coreyyangsmith.github.io/vendor/bundle/ruby/3.4.0/gems/prism-1.9.0/ext/prism
make DESTDIR\= sitearchdir\=./.gem.20260712-43000-norh2a sitelibdir\=./.gem.20260712-43000-norh2a clean

current directory: /Users/corey/Desktop/repos/coreyyangsmith.github.io/vendor/bundle/ruby/3.4.0/gems/prism-1.9.0/ext/prism
make DESTDIR\= sitearchdir\=./.gem.20260712-43000-norh2a sitelibdir\=./.gem.20260712-43000-norh2a
compiling api_node.c
compiling api_pack.c
compiling extension.c
compiling ./../../src/diagnostic.c
compiling ./../../src/encoding.c
compiling ./../../src/node.c
compiling ./../../src/options.c
compiling ./../../src/pack.c
compiling ./../../src/prettyprint.c
compiling ./../../src/prism.c
compiling ./../../src/regexp.c
compiling ./../../src/serialize.c
compiling ./../../src/static_literals.c
compiling ./../../src/token_type.c
compiling ./../../src/util/pm_buffer.c
compiling ./../../src/util/pm_char.c
compiling ./../../src/util/pm_constant_pool.c
compiling ./../../src/util/pm_integer.c
compiling ./../../src/util/pm_list.c
compiling ./../../src/util/pm_memchr.c
compiling ./../../src/util/pm_newline_list.c
compiling ./../../src/util/pm_string.c
compiling ./../../src/util/pm_strncasecmp.c
compiling ./../../src/util/pm_strpbrk.c
linking shared-object prism/prism.bundle
ld: warning: dylib (/opt/homebrew/Cellar/ruby/3.4.5/lib/libruby.3.4.dylib) was built for newer macOS version (15.0) than being linked (13.3)

current directory: /Users/corey/Desktop/repos/coreyyangsmith.github.io/vendor/bundle/ruby/3.4.0/gems/prism-1.9.0/ext/prism
make DESTDIR\= sitearchdir\=./.gem.20260712-43000-norh2a sitelibdir\=./.gem.20260712-43000-norh2a install
/usr/bin/install -c -m 0755 prism.bundle ./.gem.20260712-43000-norh2a/prism

current directory: /Users/corey/Desktop/repos/coreyyangsmith.github.io/vendor/bundle/ruby/3.4.0/gems/prism-1.9.0/ext/prism
make DESTDIR\= sitearchdir\=./.gem.20260712-43000-norh2a sitelibdir\=./.gem.20260712-43000-norh2a clean
