current directory: /Users/corey/Desktop/repos/coreyyangsmith.github.io/vendor/bundle/ruby/3.4.0/gems/json-2.21.0/ext/json/ext/parser
/opt/homebrew/opt/ruby/bin/ruby extconf.rb
checking for rb_enc_interned_str() in ruby/encoding.h... yes
checking for rb_str_to_interned_str() in ruby.h... yes
checking for rb_hash_new_capa() in ruby.h... yes
checking for rb_hash_bulk_insert() in ruby.h... yes
checking for ruby_xfree_sized() in ruby.h... no
checking for __builtin_clzll()... yes
checking for x86intrin.h... no
checking for intrin.h... no
checking for RUBY_TYPED_EMBEDDABLE in ruby.h... yes
checking for whether -std=c99 is accepted as CFLAGS... yes
checking for arm_neon.h... yes
checking for cpuid.h... no
creating Makefile

current directory: /Users/corey/Desktop/repos/coreyyangsmith.github.io/vendor/bundle/ruby/3.4.0/gems/json-2.21.0/ext/json/ext/parser
make DESTDIR\= sitearchdir\=./.gem.20260712-43000-34kwrt sitelibdir\=./.gem.20260712-43000-34kwrt clean

current directory: /Users/corey/Desktop/repos/coreyyangsmith.github.io/vendor/bundle/ruby/3.4.0/gems/json-2.21.0/ext/json/ext/parser
make DESTDIR\= sitearchdir\=./.gem.20260712-43000-34kwrt sitelibdir\=./.gem.20260712-43000-34kwrt
compiling parser.c
linking shared-object json/ext/parser.bundle
ld: warning: dylib (/opt/homebrew/Cellar/ruby/3.4.5/lib/libruby.3.4.dylib) was built for newer macOS version (15.0) than being linked (13.3)

current directory: /Users/corey/Desktop/repos/coreyyangsmith.github.io/vendor/bundle/ruby/3.4.0/gems/json-2.21.0/ext/json/ext/parser
make DESTDIR\= sitearchdir\=./.gem.20260712-43000-34kwrt sitelibdir\=./.gem.20260712-43000-34kwrt install
/usr/bin/install -c -m 0755 parser.bundle ./.gem.20260712-43000-34kwrt/json/ext

current directory: /Users/corey/Desktop/repos/coreyyangsmith.github.io/vendor/bundle/ruby/3.4.0/gems/json-2.21.0/ext/json/ext/parser
make DESTDIR\= sitearchdir\=./.gem.20260712-43000-34kwrt sitelibdir\=./.gem.20260712-43000-34kwrt clean
