current directory: /Users/corey/Desktop/repos/coreyyangsmith.github.io/vendor/bundle/ruby/3.4.0/gems/http_parser.rb-0.8.1/ext/ruby_http_parser
/opt/homebrew/opt/ruby/bin/ruby extconf.rb
creating Makefile

current directory: /Users/corey/Desktop/repos/coreyyangsmith.github.io/vendor/bundle/ruby/3.4.0/gems/http_parser.rb-0.8.1/ext/ruby_http_parser
make DESTDIR\= sitearchdir\=./.gem.20260712-43000-xvjh8c sitelibdir\=./.gem.20260712-43000-xvjh8c clean

current directory: /Users/corey/Desktop/repos/coreyyangsmith.github.io/vendor/bundle/ruby/3.4.0/gems/http_parser.rb-0.8.1/ext/ruby_http_parser
make DESTDIR\= sitearchdir\=./.gem.20260712-43000-xvjh8c sitelibdir\=./.gem.20260712-43000-xvjh8c
compiling ruby_http_parser.c
ruby_http_parser.c:373:17: warning: comparison of integers of different signs: 'size_t' (aka 'unsigned long') and 'long' [-Wsign-compare]
    if (nparsed < len)
        ~~~~~~~ ^ ~~~
1 warning generated.
compiling ryah_http_parser.c
linking shared-object ruby_http_parser.bundle
ld: warning: dylib (/opt/homebrew/Cellar/ruby/3.4.5/lib/libruby.3.4.dylib) was built for newer macOS version (15.0) than being linked (13.3)

current directory: /Users/corey/Desktop/repos/coreyyangsmith.github.io/vendor/bundle/ruby/3.4.0/gems/http_parser.rb-0.8.1/ext/ruby_http_parser
make DESTDIR\= sitearchdir\=./.gem.20260712-43000-xvjh8c sitelibdir\=./.gem.20260712-43000-xvjh8c install
/usr/bin/install -c -m 0755 ruby_http_parser.bundle ./.gem.20260712-43000-xvjh8c

current directory: /Users/corey/Desktop/repos/coreyyangsmith.github.io/vendor/bundle/ruby/3.4.0/gems/http_parser.rb-0.8.1/ext/ruby_http_parser
make DESTDIR\= sitearchdir\=./.gem.20260712-43000-xvjh8c sitelibdir\=./.gem.20260712-43000-xvjh8c clean
